> Task :compileJava UP-TO-DATE
> Task :processResources UP-TO-DATE
> Task :classes UP-TO-DATE
> Task :resolveMainClassName UP-TO-DATE
> Task :bootJar UP-TO-DATE
> Task :jar UP-TO-DATE
> Task :assemble UP-TO-DATE
> Task :check
> Task :build

BUILD SUCCESSFUL in 2s
5 actionable tasks: 5 up-to-date
