To honour the JVM settings for this build a single-use Daemon process will be forked. For more on this, please refer to https://docs.gradle.org/8.11.1/userguide/gradle_daemon.html#sec:disabling_the_daemon in the Gradle documentation.
Daemon will be stopped at the end of the build 
> Task :clean

> Task :compileJava
.\gradlew : Note: 
C:\Users\brayan.barco_pragma\Desktop\bootcamp-api\src\main\java\com\example\resilient_api\infrastructure\adapters\webclient\CapacityWebClient.java uses 
unchecked or unsafe operations.
En línea: 1 Carácter: 57
+ ... tcamp-api"; .\gradlew clean build -x test --no-daemon > compile.log 2 ...
+                 ~~~~~~~~~~~~~~~~~~~~~~~~~~~~~~~~~~~~~~~~~~~~~~~~~~~~~~~~~
    + CategoryInfo          : NotSpecified: (Note: C:\Users\...afe operations.:String) [], RemoteException
    + FullyQualifiedErrorId : NativeCommandError
 
Note: Recompile with -Xlint:unchecked for details.

> Task :processResources
> Task :classes
> Task :resolveMainClassName
> Task :bootJar
> Task :jar
> Task :assemble
> Task :check
> Task :build
[Incubating] Problems report is available at: file:///C:/Users/brayan.barco_pragma/Desktop/bootcamp-api/build/reports/problems/problems-report.html

BUILD SUCCESSFUL in 14s
6 actionable tasks: 6 executed
